// Jest Snapshot v1, https://goo.gl/fbAQLP

exports[`JSX useJSXTextNode: false fixtures/attributes.src 1`] = `
Object {
  "$id": 3,
  "block": Object {
    "range": Array [
      0,
      45,
    ],
    "type": "Program",
  },
  "childScopes": Array [
    Object {
      "$id": 2,
      "block": Object {
        "range": Array [
          0,
          45,
        ],
        "type": "Program",
      },
      "childScopes": Array [],
      "functionExpressionScope": false,
      "isStrict": true,
      "references": Array [
        Object {
          "$id": 0,
          "from": Object {
            "$ref": 2,
          },
          "identifier": Object {
            "name": "quz",
            "range": Array [
              20,
              23,
            ],
            "type": "Identifier",
          },
          "kind": "r",
          "resolved": null,
          "writeExpr": undefined,
        },
        Object {
          "$id": 1,
          "from": Object {
            "$ref": 2,
          },
          "identifier": Object {
            "name": "rest",
            "range": Array [
              29,
              33,
            ],
            "type": "Identifier",
          },
          "kind": "r",
          "resolved": null,
          "writeExpr": undefined,
        },
      ],
      "throughReferences": Array [
        Object {
          "$ref": 0,
        },
        Object {
          "$ref": 1,
        },
      ],
      "type": "module",
      "upperScope": Object {
        "$ref": 3,
      },
      "variableMap": Object {},
      "variableScope": Object {
        "$ref": 2,
      },
      "variables": Array [],
    },
  ],
  "functionExpressionScope": false,
  "isStrict": false,
  "references": Array [],
  "throughReferences": Array [
    Object {
      "$ref": 0,
    },
    Object {
      "$ref": 1,
    },
  ],
  "type": "global",
  "upperScope": null,
  "variableMap": Object {},
  "variableScope": Object {
    "$ref": 3,
  },
  "variables": Array [],
}
`;

exports[`JSX useJSXTextNode: false fixtures/element-keyword-name.src 1`] = `
Object {
  "$id": 1,
  "block": Object {
    "range": Array [
      0,
      60,
    ],
    "type": "Program",
  },
  "childScopes": Array [
    Object {
      "$id": 0,
      "block": Object {
        "range": Array [
          0,
          60,
        ],
        "type": "Program",
      },
      "childScopes": Array [],
      "functionExpressionScope": false,
      "isStrict": true,
      "references": Array [],
      "throughReferences": Array [],
      "type": "module",
      "upperScope": Object {
        "$ref": 1,
      },
      "variableMap": Object {},
      "variableScope": Object {
        "$ref": 0,
      },
      "variables": Array [],
    },
  ],
  "functionExpressionScope": false,
  "isStrict": false,
  "references": Array [],
  "throughReferences": Array [],
  "type": "global",
  "upperScope": null,
  "variableMap": Object {},
  "variableScope": Object {
    "$ref": 1,
  },
  "variables": Array [],
}
`;

exports[`JSX useJSXTextNode: false fixtures/embedded-comment.src 1`] = `
Object {
  "$id": 1,
  "block": Object {
    "range": Array [
      0,
      33,
    ],
    "type": "Program",
  },
  "childScopes": Array [
    Object {
      "$id": 0,
      "block": Object {
        "range": Array [
          0,
          33,
        ],
        "type": "Program",
      },
      "childScopes": Array [],
      "functionExpressionScope": false,
      "isStrict": true,
      "references": Array [],
      "throughReferences": Array [],
      "type": "module",
      "upperScope": Object {
        "$ref": 1,
      },
      "variableMap": Object {},
      "variableScope": Object {
        "$ref": 0,
      },
      "variables": Array [],
    },
  ],
  "functionExpressionScope": false,
  "isStrict": false,
  "references": Array [],
  "throughReferences": Array [],
  "type": "global",
  "upperScope": null,
  "variableMap": Object {},
  "variableScope": Object {
    "$ref": 1,
  },
  "variables": Array [],
}
`;

exports[`JSX useJSXTextNode: false fixtures/embedded-conditional.src 1`] = `
Object {
  "$id": 2,
  "block": Object {
    "range": Array [
      0,
      28,
    ],
    "type": "Program",
  },
  "childScopes": Array [
    Object {
      "$id": 1,
      "block": Object {
        "range": Array [
          0,
          28,
        ],
        "type": "Program",
      },
      "childScopes": Array [],
      "functionExpressionScope": false,
      "isStrict": true,
      "references": Array [
        Object {
          "$id": 0,
          "from": Object {
            "$ref": 1,
          },
          "identifier": Object {
            "name": "x",
            "range": Array [
              6,
              7,
            ],
            "type": "Identifier",
          },
          "kind": "r",
          "resolved": null,
          "writeExpr": undefined,
        },
      ],
      "throughReferences": Array [
        Object {
          "$ref": 0,
        },
      ],
      "type": "module",
      "upperScope": Object {
        "$ref": 2,
      },
      "variableMap": Object {},
      "variableScope": Object {
        "$ref": 1,
      },
      "variables": Array [],
    },
  ],
  "functionExpressionScope": false,
  "isStrict": false,
  "references": Array [],
  "throughReferences": Array [
    Object {
      "$ref": 0,
    },
  ],
  "type": "global",
  "upperScope": null,
  "variableMap": Object {},
  "variableScope": Object {
    "$ref": 2,
  },
  "variables": Array [],
}
`;

exports[`JSX useJSXTextNode: false fixtures/embedded-invalid-js-identifier.src 1`] = `
Object {
  "$id": 1,
  "block": Object {
    "range": Array [
      0,
      42,
    ],
    "type": "Program",
  },
  "childScopes": Array [
    Object {
      "$id": 0,
      "block": Object {
        "range": Array [
          0,
          42,
        ],
        "type": "Program",
      },
      "childScopes": Array [],
      "functionExpressionScope": false,
      "isStrict": true,
      "references": Array [],
      "throughReferences": Array [],
      "type": "module",
      "upperScope": Object {
        "$ref": 1,
      },
      "variableMap": Object {},
      "variableScope": Object {
        "$ref": 0,
      },
      "variables": Array [],
    },
  ],
  "functionExpressionScope": false,
  "isStrict": false,
  "references": Array [],
  "throughReferences": Array [],
  "type": "global",
  "upperScope": null,
  "variableMap": Object {},
  "variableScope": Object {
    "$ref": 1,
  },
  "variables": Array [],
}
`;

exports[`JSX useJSXTextNode: false fixtures/empty-placeholder.src 1`] = `
Object {
  "$id": 1,
  "block": Object {
    "range": Array [
      0,
      10,
    ],
    "type": "Program",
  },
  "childScopes": Array [
    Object {
      "$id": 0,
      "block": Object {
        "range": Array [
          0,
          10,
        ],
        "type": "Program",
      },
      "childScopes": Array [],
      "functionExpressionScope": false,
      "isStrict": true,
      "references": Array [],
      "throughReferences": Array [],
      "type": "module",
      "upperScope": Object {
        "$ref": 1,
      },
      "variableMap": Object {},
      "variableScope": Object {
        "$ref": 0,
      },
      "variables": Array [],
    },
  ],
  "functionExpressionScope": false,
  "isStrict": false,
  "references": Array [],
  "throughReferences": Array [],
  "type": "global",
  "upperScope": null,
  "variableMap": Object {},
  "variableScope": Object {
    "$ref": 1,
  },
  "variables": Array [],
}
`;

exports[`JSX useJSXTextNode: false fixtures/escape-patterns.src 1`] = `
Object {
  "$id": 1,
  "block": Object {
    "range": Array [
      0,
      84,
    ],
    "type": "Program",
  },
  "childScopes": Array [
    Object {
      "$id": 0,
      "block": Object {
        "range": Array [
          0,
          84,
        ],
        "type": "Program",
      },
      "childScopes": Array [],
      "functionExpressionScope": false,
      "isStrict": true,
      "references": Array [],
      "throughReferences": Array [],
      "type": "module",
      "upperScope": Object {
        "$ref": 1,
      },
      "variableMap": Object {},
      "variableScope": Object {
        "$ref": 0,
      },
      "variables": Array [],
    },
  ],
  "functionExpressionScope": false,
  "isStrict": false,
  "references": Array [],
  "throughReferences": Array [],
  "type": "global",
  "upperScope": null,
  "variableMap": Object {},
  "variableScope": Object {
    "$ref": 1,
  },
  "variables": Array [],
}
`;

exports[`JSX useJSXTextNode: false fixtures/invalid-attribute.src 1`] = `"'{' expected."`;

exports[`JSX useJSXTextNode: false fixtures/invalid-attribute-missing-equals.src 1`] = `"Identifier expected."`;

exports[`JSX useJSXTextNode: false fixtures/invalid-broken-tag.src 1`] = `"Unterminated string literal."`;

exports[`JSX useJSXTextNode: false fixtures/invalid-computed-end-tag-name.src 1`] = `"Identifier expected."`;

exports[`JSX useJSXTextNode: false fixtures/invalid-computed-string-end-tag-name.src 1`] = `"Identifier expected."`;

exports[`JSX useJSXTextNode: false fixtures/invalid-embedded-expression.src 1`] = `"'}' expected."`;

exports[`JSX useJSXTextNode: false fixtures/invalid-leading-dot-tag-name.src 1`] = `"Expression expected."`;

exports[`JSX useJSXTextNode: false fixtures/invalid-matching-placeholder-in-closing-tag.src 1`] = `"'>' expected."`;

exports[`JSX useJSXTextNode: false fixtures/invalid-mismatched-closing-tag.src 1`] = `"Expected corresponding JSX closing tag for 'a'."`;

exports[`JSX useJSXTextNode: false fixtures/invalid-mismatched-closing-tags.src 1`] = `"JSX element 'a' has no corresponding closing tag."`;

exports[`JSX useJSXTextNode: false fixtures/invalid-mismatched-dot-tag-name.src 1`] = `"Expected corresponding JSX closing tag for 'a.b.c'."`;

exports[`JSX useJSXTextNode: false fixtures/invalid-mismatched-namespace-tag.src 1`] = `"Identifier expected."`;

exports[`JSX useJSXTextNode: false fixtures/invalid-missing-closing-tag.src 1`] = `"JSX element 'a' has no corresponding closing tag."`;

exports[`JSX useJSXTextNode: false fixtures/invalid-missing-closing-tag-attribute-placeholder.src 1`] = `"JSX element 'a' has no corresponding closing tag."`;

exports[`JSX useJSXTextNode: false fixtures/invalid-missing-namespace-name.src 1`] = `"Expression expected."`;

exports[`JSX useJSXTextNode: false fixtures/invalid-missing-namespace-value.src 1`] = `"Identifier expected."`;

exports[`JSX useJSXTextNode: false fixtures/invalid-missing-spread-operator.src 1`] = `"'...' expected."`;

exports[`JSX useJSXTextNode: false fixtures/invalid-namespace-name-with-docts.src 1`] = `"Identifier expected."`;

exports[`JSX useJSXTextNode: false fixtures/invalid-no-common-parent.src 1`] = `"JSX expressions must have one parent element."`;

exports[`JSX useJSXTextNode: false fixtures/invalid-no-common-parent-with-comment.src 1`] = `"JSX expressions must have one parent element."`;

exports[`JSX useJSXTextNode: false fixtures/invalid-no-tag-name.src 1`] = `"Declaration or statement expected."`;

exports[`JSX useJSXTextNode: false fixtures/invalid-placeholder-in-closing-tag.src 1`] = `"'>' expected."`;

exports[`JSX useJSXTextNode: false fixtures/invalid-shorthand-fragment-no-closing.src 1`] = `"JSX fragment has no corresponding closing tag."`;

exports[`JSX useJSXTextNode: false fixtures/invalid-trailing-dot-tag-name.src 1`] = `"Identifier expected."`;

exports[`JSX useJSXTextNode: false fixtures/invalid-unexpected-comma.src 1`] = `"Identifier expected."`;

exports[`JSX useJSXTextNode: false fixtures/japanese-characters.src 1`] = `
Object {
  "$id": 1,
  "block": Object {
    "range": Array [
      0,
      12,
    ],
    "type": "Program",
  },
  "childScopes": Array [
    Object {
      "$id": 0,
      "block": Object {
        "range": Array [
          0,
          12,
        ],
        "type": "Program",
      },
      "childScopes": Array [],
      "functionExpressionScope": false,
      "isStrict": true,
      "references": Array [],
      "throughReferences": Array [],
      "type": "module",
      "upperScope": Object {
        "$ref": 1,
      },
      "variableMap": Object {},
      "variableScope": Object {
        "$ref": 0,
      },
      "variables": Array [],
    },
  ],
  "functionExpressionScope": false,
  "isStrict": false,
  "references": Array [],
  "throughReferences": Array [],
  "type": "global",
  "upperScope": null,
  "variableMap": Object {},
  "variableScope": Object {
    "$ref": 1,
  },
  "variables": Array [],
}
`;

exports[`JSX useJSXTextNode: false fixtures/less-than-operator.src 1`] = `
Object {
  "$id": 2,
  "block": Object {
    "range": Array [
      0,
      14,
    ],
    "type": "Program",
  },
  "childScopes": Array [
    Object {
      "$id": 1,
      "block": Object {
        "range": Array [
          0,
          14,
        ],
        "type": "Program",
      },
      "childScopes": Array [],
      "functionExpressionScope": false,
      "isStrict": true,
      "references": Array [
        Object {
          "$id": 0,
          "from": Object {
            "$ref": 1,
          },
          "identifier": Object {
            "name": "x",
            "range": Array [
              12,
              13,
            ],
            "type": "Identifier",
          },
          "kind": "r",
          "resolved": null,
          "writeExpr": undefined,
        },
      ],
      "throughReferences": Array [
        Object {
          "$ref": 0,
        },
      ],
      "type": "module",
      "upperScope": Object {
        "$ref": 2,
      },
      "variableMap": Object {},
      "variableScope": Object {
        "$ref": 1,
      },
      "variables": Array [],
    },
  ],
  "functionExpressionScope": false,
  "isStrict": false,
  "references": Array [],
  "throughReferences": Array [
    Object {
      "$ref": 0,
    },
  ],
  "type": "global",
  "upperScope": null,
  "variableMap": Object {},
  "variableScope": Object {
    "$ref": 2,
  },
  "variables": Array [],
}
`;

exports[`JSX useJSXTextNode: false fixtures/member-expression.src 1`] = `
Object {
  "$id": 1,
  "block": Object {
    "range": Array [
      0,
      12,
    ],
    "type": "Program",
  },
  "childScopes": Array [
    Object {
      "$id": 0,
      "block": Object {
        "range": Array [
          0,
          12,
        ],
        "type": "Program",
      },
      "childScopes": Array [],
      "functionExpressionScope": false,
      "isStrict": true,
      "references": Array [],
      "throughReferences": Array [],
      "type": "module",
      "upperScope": Object {
        "$ref": 1,
      },
      "variableMap": Object {},
      "variableScope": Object {
        "$ref": 0,
      },
      "variables": Array [],
    },
  ],
  "functionExpressionScope": false,
  "isStrict": false,
  "references": Array [],
  "throughReferences": Array [],
  "type": "global",
  "upperScope": null,
  "variableMap": Object {},
  "variableScope": Object {
    "$ref": 1,
  },
  "variables": Array [],
}
`;

exports[`JSX useJSXTextNode: false fixtures/member-expression-this.src 1`] = `
Object {
  "$id": 1,
  "block": Object {
    "range": Array [
      0,
      46,
    ],
    "type": "Program",
  },
  "childScopes": Array [
    Object {
      "$id": 0,
      "block": Object {
        "range": Array [
          0,
          46,
        ],
        "type": "Program",
      },
      "childScopes": Array [],
      "functionExpressionScope": false,
      "isStrict": true,
      "references": Array [],
      "throughReferences": Array [],
      "type": "module",
      "upperScope": Object {
        "$ref": 1,
      },
      "variableMap": Object {},
      "variableScope": Object {
        "$ref": 0,
      },
      "variables": Array [],
    },
  ],
  "functionExpressionScope": false,
  "isStrict": false,
  "references": Array [],
  "throughReferences": Array [],
  "type": "global",
  "upperScope": null,
  "variableMap": Object {},
  "variableScope": Object {
    "$ref": 1,
  },
  "variables": Array [],
}
`;

exports[`JSX useJSXTextNode: false fixtures/multiple-blank-spaces.src 1`] = `
Object {
  "$id": 1,
  "block": Object {
    "range": Array [
      0,
      12,
    ],
    "type": "Program",
  },
  "childScopes": Array [
    Object {
      "$id": 0,
      "block": Object {
        "range": Array [
          0,
          12,
        ],
        "type": "Program",
      },
      "childScopes": Array [],
      "functionExpressionScope": false,
      "isStrict": true,
      "references": Array [],
      "throughReferences": Array [],
      "type": "module",
      "upperScope": Object {
        "$ref": 1,
      },
      "variableMap": Object {},
      "variableScope": Object {
        "$ref": 0,
      },
      "variables": Array [],
    },
  ],
  "functionExpressionScope": false,
  "isStrict": false,
  "references": Array [],
  "throughReferences": Array [],
  "type": "global",
  "upperScope": null,
  "variableMap": Object {},
  "variableScope": Object {
    "$ref": 1,
  },
  "variables": Array [],
}
`;

exports[`JSX useJSXTextNode: false fixtures/newslines-and-entities.src 1`] = `"Invalid character."`;

exports[`JSX useJSXTextNode: false fixtures/self-closing-tag.src 1`] = `
Object {
  "$id": 1,
  "block": Object {
    "range": Array [
      0,
      6,
    ],
    "type": "Program",
  },
  "childScopes": Array [
    Object {
      "$id": 0,
      "block": Object {
        "range": Array [
          0,
          6,
        ],
        "type": "Program",
      },
      "childScopes": Array [],
      "functionExpressionScope": false,
      "isStrict": true,
      "references": Array [],
      "throughReferences": Array [],
      "type": "module",
      "upperScope": Object {
        "$ref": 1,
      },
      "variableMap": Object {},
      "variableScope": Object {
        "$ref": 0,
      },
      "variables": Array [],
    },
  ],
  "functionExpressionScope": false,
  "isStrict": false,
  "references": Array [],
  "throughReferences": Array [],
  "type": "global",
  "upperScope": null,
  "variableMap": Object {},
  "variableScope": Object {
    "$ref": 1,
  },
  "variables": Array [],
}
`;

exports[`JSX useJSXTextNode: false fixtures/self-closing-tag-inside-tag.src 1`] = `
Object {
  "$id": 1,
  "block": Object {
    "range": Array [
      0,
      25,
    ],
    "type": "Program",
  },
  "childScopes": Array [
    Object {
      "$id": 0,
      "block": Object {
        "range": Array [
          0,
          25,
        ],
        "type": "Program",
      },
      "childScopes": Array [],
      "functionExpressionScope": false,
      "isStrict": true,
      "references": Array [],
      "throughReferences": Array [],
      "type": "module",
      "upperScope": Object {
        "$ref": 1,
      },
      "variableMap": Object {},
      "variableScope": Object {
        "$ref": 0,
      },
      "variables": Array [],
    },
  ],
  "functionExpressionScope": false,
  "isStrict": false,
  "references": Array [],
  "throughReferences": Array [],
  "type": "global",
  "upperScope": null,
  "variableMap": Object {},
  "variableScope": Object {
    "$ref": 1,
  },
  "variables": Array [],
}
`;

exports[`JSX useJSXTextNode: false fixtures/self-closing-tag-with-newline.src 1`] = `"Invalid character."`;

exports[`JSX useJSXTextNode: false fixtures/shorthand-fragment.src 1`] = `
Object {
  "$id": 1,
  "block": Object {
    "range": Array [
      0,
      6,
    ],
    "type": "Program",
  },
  "childScopes": Array [
    Object {
      "$id": 0,
      "block": Object {
        "range": Array [
          0,
          6,
        ],
        "type": "Program",
      },
      "childScopes": Array [],
      "functionExpressionScope": false,
      "isStrict": true,
      "references": Array [],
      "throughReferences": Array [],
      "type": "module",
      "upperScope": Object {
        "$ref": 1,
      },
      "variableMap": Object {},
      "variableScope": Object {
        "$ref": 0,
      },
      "variables": Array [],
    },
  ],
  "functionExpressionScope": false,
  "isStrict": false,
  "references": Array [],
  "throughReferences": Array [],
  "type": "global",
  "upperScope": null,
  "variableMap": Object {},
  "variableScope": Object {
    "$ref": 1,
  },
  "variables": Array [],
}
`;

exports[`JSX useJSXTextNode: false fixtures/shorthand-fragment-with-child.src 1`] = `
Object {
  "$id": 1,
  "block": Object {
    "range": Array [
      0,
      13,
    ],
    "type": "Program",
  },
  "childScopes": Array [
    Object {
      "$id": 0,
      "block": Object {
        "range": Array [
          0,
          13,
        ],
        "type": "Program",
      },
      "childScopes": Array [],
      "functionExpressionScope": false,
      "isStrict": true,
      "references": Array [],
      "throughReferences": Array [],
      "type": "module",
      "upperScope": Object {
        "$ref": 1,
      },
      "variableMap": Object {},
      "variableScope": Object {
        "$ref": 0,
      },
      "variables": Array [],
    },
  ],
  "functionExpressionScope": false,
  "isStrict": false,
  "references": Array [],
  "throughReferences": Array [],
  "type": "global",
  "upperScope": null,
  "variableMap": Object {},
  "variableScope": Object {
    "$ref": 1,
  },
  "variables": Array [],
}
`;

exports[`JSX useJSXTextNode: false fixtures/spread-child.src 1`] = `
Object {
  "$id": 1,
  "block": Object {
    "range": Array [
      0,
      20,
    ],
    "type": "Program",
  },
  "childScopes": Array [
    Object {
      "$id": 0,
      "block": Object {
        "range": Array [
          0,
          20,
        ],
        "type": "Program",
      },
      "childScopes": Array [],
      "functionExpressionScope": false,
      "isStrict": true,
      "references": Array [],
      "throughReferences": Array [],
      "type": "module",
      "upperScope": Object {
        "$ref": 1,
      },
      "variableMap": Object {},
      "variableScope": Object {
        "$ref": 0,
      },
      "variables": Array [],
    },
  ],
  "functionExpressionScope": false,
  "isStrict": false,
  "references": Array [],
  "throughReferences": Array [],
  "type": "global",
  "upperScope": null,
  "variableMap": Object {},
  "variableScope": Object {
    "$ref": 1,
  },
  "variables": Array [],
}
`;

exports[`JSX useJSXTextNode: false fixtures/spread-operator-attribute-and-regular-attribute.src 1`] = `
Object {
  "$id": 2,
  "block": Object {
    "range": Array [
      0,
      36,
    ],
    "type": "Program",
  },
  "childScopes": Array [
    Object {
      "$id": 1,
      "block": Object {
        "range": Array [
          0,
          36,
        ],
        "type": "Program",
      },
      "childScopes": Array [],
      "functionExpressionScope": false,
      "isStrict": true,
      "references": Array [
        Object {
          "$id": 0,
          "from": Object {
            "$ref": 1,
          },
          "identifier": Object {
            "name": "props",
            "range": Array [
              9,
              14,
            ],
            "type": "Identifier",
          },
          "kind": "r",
          "resolved": null,
          "writeExpr": undefined,
        },
      ],
      "throughReferences": Array [
        Object {
          "$ref": 0,
        },
      ],
      "type": "module",
      "upperScope": Object {
        "$ref": 2,
      },
      "variableMap": Object {},
      "variableScope": Object {
        "$ref": 1,
      },
      "variables": Array [],
    },
  ],
  "functionExpressionScope": false,
  "isStrict": false,
  "references": Array [],
  "throughReferences": Array [
    Object {
      "$ref": 0,
    },
  ],
  "type": "global",
  "upperScope": null,
  "variableMap": Object {},
  "variableScope": Object {
    "$ref": 2,
  },
  "variables": Array [],
}
`;

exports[`JSX useJSXTextNode: false fixtures/spread-operator-attributes.src 1`] = `
Object {
  "$id": 2,
  "block": Object {
    "range": Array [
      0,
      19,
    ],
    "type": "Program",
  },
  "childScopes": Array [
    Object {
      "$id": 1,
      "block": Object {
        "range": Array [
          0,
          19,
        ],
        "type": "Program",
      },
      "childScopes": Array [],
      "functionExpressionScope": false,
      "isStrict": true,
      "references": Array [
        Object {
          "$id": 0,
          "from": Object {
            "$ref": 1,
          },
          "identifier": Object {
            "name": "props",
            "range": Array [
              9,
              14,
            ],
            "type": "Identifier",
          },
          "kind": "r",
          "resolved": null,
          "writeExpr": undefined,
        },
      ],
      "throughReferences": Array [
        Object {
          "$ref": 0,
        },
      ],
      "type": "module",
      "upperScope": Object {
        "$ref": 2,
      },
      "variableMap": Object {},
      "variableScope": Object {
        "$ref": 1,
      },
      "variables": Array [],
    },
  ],
  "functionExpressionScope": false,
  "isStrict": false,
  "references": Array [],
  "throughReferences": Array [
    Object {
      "$ref": 0,
    },
  ],
  "type": "global",
  "upperScope": null,
  "variableMap": Object {},
  "variableScope": Object {
    "$ref": 2,
  },
  "variables": Array [],
}
`;

exports[`JSX useJSXTextNode: false fixtures/tag-names-with-dots.src 1`] = `
Object {
  "$id": 1,
  "block": Object {
    "range": Array [
      0,
      12,
    ],
    "type": "Program",
  },
  "childScopes": Array [
    Object {
      "$id": 0,
      "block": Object {
        "range": Array [
          0,
          12,
        ],
        "type": "Program",
      },
      "childScopes": Array [],
      "functionExpressionScope": false,
      "isStrict": true,
      "references": Array [],
      "throughReferences": Array [],
      "type": "module",
      "upperScope": Object {
        "$ref": 1,
      },
      "variableMap": Object {},
      "variableScope": Object {
        "$ref": 0,
      },
      "variables": Array [],
    },
  ],
  "functionExpressionScope": false,
  "isStrict": false,
  "references": Array [],
  "throughReferences": Array [],
  "type": "global",
  "upperScope": null,
  "variableMap": Object {},
  "variableScope": Object {
    "$ref": 1,
  },
  "variables": Array [],
}
`;

exports[`JSX useJSXTextNode: false fixtures/tag-names-with-multi-dots.src 1`] = `
Object {
  "$id": 1,
  "block": Object {
    "range": Array [
      0,
      16,
    ],
    "type": "Program",
  },
  "childScopes": Array [
    Object {
      "$id": 0,
      "block": Object {
        "range": Array [
          0,
          16,
        ],
        "type": "Program",
      },
      "childScopes": Array [],
      "functionExpressionScope": false,
      "isStrict": true,
      "references": Array [],
      "throughReferences": Array [],
      "type": "module",
      "upperScope": Object {
        "$ref": 1,
      },
      "variableMap": Object {},
      "variableScope": Object {
        "$ref": 0,
      },
      "variables": Array [],
    },
  ],
  "functionExpressionScope": false,
  "isStrict": false,
  "references": Array [],
  "throughReferences": Array [],
  "type": "global",
  "upperScope": null,
  "variableMap": Object {},
  "variableScope": Object {
    "$ref": 1,
  },
  "variables": Array [],
}
`;

exports[`JSX useJSXTextNode: false fixtures/tag-names-with-multi-dots-multi.src 1`] = `
Object {
  "$id": 1,
  "block": Object {
    "range": Array [
      0,
      88,
    ],
    "type": "Program",
  },
  "childScopes": Array [
    Object {
      "$id": 0,
      "block": Object {
        "range": Array [
          0,
          88,
        ],
        "type": "Program",
      },
      "childScopes": Array [],
      "functionExpressionScope": false,
      "isStrict": true,
      "references": Array [],
      "throughReferences": Array [],
      "type": "module",
      "upperScope": Object {
        "$ref": 1,
      },
      "variableMap": Object {},
      "variableScope": Object {
        "$ref": 0,
      },
      "variables": Array [],
    },
  ],
  "functionExpressionScope": false,
  "isStrict": false,
  "references": Array [],
  "throughReferences": Array [],
  "type": "global",
  "upperScope": null,
  "variableMap": Object {},
  "variableScope": Object {
    "$ref": 1,
  },
  "variables": Array [],
}
`;

exports[`JSX useJSXTextNode: false fixtures/test-content.src 1`] = `
Object {
  "$id": 1,
  "block": Object {
    "range": Array [
      0,
      25,
    ],
    "type": "Program",
  },
  "childScopes": Array [
    Object {
      "$id": 0,
      "block": Object {
        "range": Array [
          0,
          25,
        ],
        "type": "Program",
      },
      "childScopes": Array [],
      "functionExpressionScope": false,
      "isStrict": true,
      "references": Array [],
      "throughReferences": Array [],
      "type": "module",
      "upperScope": Object {
        "$ref": 1,
      },
      "variableMap": Object {},
      "variableScope": Object {
        "$ref": 0,
      },
      "variables": Array [],
    },
  ],
  "functionExpressionScope": false,
  "isStrict": false,
  "references": Array [],
  "throughReferences": Array [],
  "type": "global",
  "upperScope": null,
  "variableMap": Object {},
  "variableScope": Object {
    "$ref": 1,
  },
  "variables": Array [],
}
`;

exports[`JSX useJSXTextNode: false fixtures/trailing-spread-operator-attribute.src 1`] = `
Object {
  "$id": 2,
  "block": Object {
    "range": Array [
      0,
      54,
    ],
    "type": "Program",
  },
  "childScopes": Array [
    Object {
      "$id": 1,
      "block": Object {
        "range": Array [
          0,
          54,
        ],
        "type": "Program",
      },
      "childScopes": Array [],
      "functionExpressionScope": false,
      "isStrict": true,
      "references": Array [
        Object {
          "$id": 0,
          "from": Object {
            "$ref": 1,
          },
          "identifier": Object {
            "name": "props",
            "range": Array [
              40,
              45,
            ],
            "type": "Identifier",
          },
          "kind": "r",
          "resolved": null,
          "writeExpr": undefined,
        },
      ],
      "throughReferences": Array [
        Object {
          "$ref": 0,
        },
      ],
      "type": "module",
      "upperScope": Object {
        "$ref": 2,
      },
      "variableMap": Object {},
      "variableScope": Object {
        "$ref": 1,
      },
      "variables": Array [],
    },
  ],
  "functionExpressionScope": false,
  "isStrict": false,
  "references": Array [],
  "throughReferences": Array [
    Object {
      "$ref": 0,
    },
  ],
  "type": "global",
  "upperScope": null,
  "variableMap": Object {},
  "variableScope": Object {
    "$ref": 2,
  },
  "variables": Array [],
}
`;

exports[`JSX useJSXTextNode: false fixtures/unknown-escape-pattern.src 1`] = `
Object {
  "$id": 1,
  "block": Object {
    "range": Array [
      0,
      24,
    ],
    "type": "Program",
  },
  "childScopes": Array [
    Object {
      "$id": 0,
      "block": Object {
        "range": Array [
          0,
          24,
        ],
        "type": "Program",
      },
      "childScopes": Array [],
      "functionExpressionScope": false,
      "isStrict": true,
      "references": Array [],
      "throughReferences": Array [],
      "type": "module",
      "upperScope": Object {
        "$ref": 1,
      },
      "variableMap": Object {},
      "variableScope": Object {
        "$ref": 0,
      },
      "variables": Array [],
    },
  ],
  "functionExpressionScope": false,
  "isStrict": false,
  "references": Array [],
  "throughReferences": Array [],
  "type": "global",
  "upperScope": null,
  "variableMap": Object {},
  "variableScope": Object {
    "$ref": 1,
  },
  "variables": Array [],
}
`;

exports[`JSX useJSXTextNode: true fixtures/self-closing-tag-inside-tag.src 1`] = `
Object {
  "$id": 1,
  "block": Object {
    "range": Array [
      0,
      25,
    ],
    "type": "Program",
  },
  "childScopes": Array [
    Object {
      "$id": 0,
      "block": Object {
        "range": Array [
          0,
          25,
        ],
        "type": "Program",
      },
      "childScopes": Array [],
      "functionExpressionScope": false,
      "isStrict": true,
      "references": Array [],
      "throughReferences": Array [],
      "type": "module",
      "upperScope": Object {
        "$ref": 1,
      },
      "variableMap": Object {},
      "variableScope": Object {
        "$ref": 0,
      },
      "variables": Array [],
    },
  ],
  "functionExpressionScope": false,
  "isStrict": false,
  "references": Array [],
  "throughReferences": Array [],
  "type": "global",
  "upperScope": null,
  "variableMap": Object {},
  "variableScope": Object {
    "$ref": 1,
  },
  "variables": Array [],
}
`;

exports[`JSX useJSXTextNode: true fixtures/test-content.src 1`] = `
Object {
  "$id": 1,
  "block": Object {
    "range": Array [
      0,
      25,
    ],
    "type": "Program",
  },
  "childScopes": Array [
    Object {
      "$id": 0,
      "block": Object {
        "range": Array [
          0,
          25,
        ],
        "type": "Program",
      },
      "childScopes": Array [],
      "functionExpressionScope": false,
      "isStrict": true,
      "references": Array [],
      "throughReferences": Array [],
      "type": "module",
      "upperScope": Object {
        "$ref": 1,
      },
      "variableMap": Object {},
      "variableScope": Object {
        "$ref": 0,
      },
      "variables": Array [],
    },
  ],
  "functionExpressionScope": false,
  "isStrict": false,
  "references": Array [],
  "throughReferences": Array [],
  "type": "global",
  "upperScope": null,
  "variableMap": Object {},
  "variableScope": Object {
    "$ref": 1,
  },
  "variables": Array [],
}
`;
