// Jest Snapshot v1, https://goo.gl/fbAQLP

exports[`typescript-and-tslint-plugins-together should lint successfully 1`] = `
[
  {
    "errorCount": 1,
    "fatalErrorCount": 0,
    "filePath": "<root>/index.ts",
    "fixableErrorCount": 0,
    "fixableWarningCount": 0,
    "messages": [
      {
        "column": 7,
        "endColumn": 13,
        "endLine": 2,
        "line": 2,
        "message": "'noSemi' is assigned a value but never used.",
        "messageId": "unusedVar",
        "nodeType": "Identifier",
        "ruleId": "@typescript-eslint/no-unused-vars",
        "severity": 2,
      },
    ],
    "output": "// prettier-ignore
const noSemi = true;
",
    "suppressedMessages": [],
    "usedDeprecatedRules": [],
    "warningCount": 0,
  },
]
`;
