// Jest Snapshot v1, https://goo.gl/fbAQLP

exports[`it should produce the expected lint ouput 1`] = `
Array [
  Object {
    "errorCount": 10,
    "filePath": "/usr/linked/Doc.md",
    "fixableErrorCount": 0,
    "fixableWarningCount": 0,
    "messages": Array [
      Object {
        "column": 3,
        "endColumn": 14,
        "endLine": 8,
        "line": 8,
        "message": "Unexpected console statement.",
        "messageId": "unexpected",
        "nodeType": "MemberExpression",
        "ruleId": "no-console",
        "severity": 2,
      },
      Object {
        "column": 20,
        "endColumn": 23,
        "endLine": 26,
        "line": 26,
        "message": "Unexpected any. Specify a different type.",
        "messageId": "unexpectedAny",
        "nodeType": "TSAnyKeyword",
        "ruleId": "@typescript-eslint/no-explicit-any",
        "severity": 2,
      },
      Object {
        "column": 3,
        "endColumn": 14,
        "endLine": 27,
        "line": 27,
        "message": "Unexpected console statement.",
        "messageId": "unexpected",
        "nodeType": "MemberExpression",
        "ruleId": "no-console",
        "severity": 2,
      },
      Object {
        "column": 3,
        "endColumn": 14,
        "endLine": 43,
        "line": 43,
        "message": "Unexpected console statement.",
        "messageId": "unexpected",
        "nodeType": "MemberExpression",
        "ruleId": "no-console",
        "severity": 2,
      },
      Object {
        "column": 17,
        "endColumn": 20,
        "endLine": 50,
        "line": 50,
        "message": "Unexpected any. Specify a different type.",
        "messageId": "unexpectedAny",
        "nodeType": "TSAnyKeyword",
        "ruleId": "@typescript-eslint/no-explicit-any",
        "severity": 2,
      },
      Object {
        "column": 3,
        "endColumn": 14,
        "endLine": 51,
        "line": 51,
        "message": "Unexpected console statement.",
        "messageId": "unexpected",
        "nodeType": "MemberExpression",
        "ruleId": "no-console",
        "severity": 2,
      },
      Object {
        "column": 17,
        "endColumn": 20,
        "endLine": 59,
        "line": 59,
        "message": "Unexpected any. Specify a different type.",
        "messageId": "unexpectedAny",
        "nodeType": "TSAnyKeyword",
        "ruleId": "@typescript-eslint/no-explicit-any",
        "severity": 2,
      },
      Object {
        "column": 3,
        "endColumn": 14,
        "endLine": 60,
        "line": 60,
        "message": "Unexpected console statement.",
        "messageId": "unexpected",
        "nodeType": "MemberExpression",
        "ruleId": "no-console",
        "severity": 2,
      },
      Object {
        "column": 17,
        "endColumn": 20,
        "endLine": 68,
        "line": 68,
        "message": "Unexpected any. Specify a different type.",
        "messageId": "unexpectedAny",
        "nodeType": "TSAnyKeyword",
        "ruleId": "@typescript-eslint/no-explicit-any",
        "severity": 2,
      },
      Object {
        "column": 3,
        "endColumn": 14,
        "endLine": 69,
        "line": 69,
        "message": "Unexpected console statement.",
        "messageId": "unexpected",
        "nodeType": "MemberExpression",
        "ruleId": "no-console",
        "severity": 2,
      },
    ],
    "source": "Some extra text to verify that the markdown plugin is ignoring anything that is not a code block.

expected no-console error:
\`\`\`jsx
import { Button } from 'antd';

function MyComp() {
  console.log('test');
  return (
    <div>
      <Button type=\\"primary\\">Primary</Button>
      <Button>Default</Button>
      <Button type=\\"dashed\\">Dashed</Button>
      <Button type=\\"danger\\">Danger</Button>
      <Button type=\\"link\\">Link</Button>
    </div>
  );
}
\`\`\`

expected no-explicit-any error:
expected no-console error:
\`\`\`jsx
import { Button } from 'antd';

function MyComp(): any {
  console.log('test');
  return (
    <div>
      <Button type=\\"primary\\">Primary</Button>
      <Button>Default</Button>
      <Button type=\\"dashed\\">Dashed</Button>
      <Button type=\\"danger\\">Danger</Button>
      <Button type=\\"link\\">Link</Button>
    </div>
  );
}
\`\`\`

expected no-console error:
\`\`\`js
function foo() {
  console.log('test');
}
\`\`\`

expected no-explicit-any error:
expected no-console error:
\`\`\`js
function foo(): any {
  console.log('test');
}
\`\`\`


expected no-explicit-any error:
expected no-console error:
\`\`\`javascript
function foo(): any {
  console.log('test');
}
\`\`\`


expected no-explicit-any error:
expected no-console error:
\`\`\`node
function foo(): any {
  console.log('test');
}
\`\`\`
",
    "warningCount": 0,
  },
]
`;
