// Jest Snapshot v1, https://goo.gl/fbAQLP

exports[`it should produce the expected lint ouput 1`] = `
Array [
  Object {
    "errorCount": 1,
    "filePath": "/usr/linked/index.ts",
    "fixableErrorCount": 1,
    "fixableWarningCount": 0,
    "messages": Array [
      Object {
        "column": 7,
        "endColumn": 13,
        "endLine": 1,
        "line": 1,
        "message": "'noSemi' is assigned a value but never used.",
        "messageId": "unusedVar",
        "nodeType": "Identifier",
        "ruleId": "@typescript-eslint/no-unused-vars",
        "severity": 1,
      },
      Object {
        "column": 20,
        "endColumn": 20,
        "endLine": 1,
        "fix": Object {
          "range": Array [
            19,
            19,
          ],
          "text": ";",
        },
        "line": 1,
        "message": "Missing semicolon (tslint:semicolon)",
        "messageId": "failure",
        "nodeType": null,
        "ruleId": "@typescript-eslint/tslint/config",
        "severity": 2,
      },
    ],
    "source": "const noSemi = true
",
    "usedDeprecatedRules": Array [],
    "warningCount": 1,
  },
]
`;
