// Jest Snapshot v1, https://goo.gl/fbAQLP

exports[`typescript fixtures/basics/interface-without-type-annotation.src 1`] = `
Object {
  "body": Array [
    Object {
      "body": Object {
        "body": Array [
          Object {
            "computed": false,
            "key": Object {
              "loc": Object {
                "end": Object {
                  "column": 7,
                  "line": 2,
                },
                "start": Object {
                  "column": 4,
                  "line": 2,
                },
              },
              "name": "foo",
              "range": Array [
                21,
                24,
              ],
              "type": "Identifier",
            },
            "loc": Object {
              "end": Object {
                "column": 8,
                "line": 2,
              },
              "start": Object {
                "column": 4,
                "line": 2,
              },
            },
            "range": Array [
              21,
              25,
            ],
            "type": "TSPropertySignature",
          },
        ],
        "loc": Object {
          "end": Object {
            "column": 1,
            "line": 3,
          },
          "start": Object {
            "column": 15,
            "line": 1,
          },
        },
        "range": Array [
          15,
          27,
        ],
        "type": "TSInterfaceBody",
      },
      "id": Object {
        "loc": Object {
          "end": Object {
            "column": 14,
            "line": 1,
          },
          "start": Object {
            "column": 10,
            "line": 1,
          },
        },
        "name": "test",
        "range": Array [
          10,
          14,
        ],
        "type": "Identifier",
      },
      "loc": Object {
        "end": Object {
          "column": 1,
          "line": 3,
        },
        "start": Object {
          "column": 0,
          "line": 1,
        },
      },
      "range": Array [
        0,
        27,
      ],
      "type": "TSInterfaceDeclaration",
    },
  ],
  "loc": Object {
    "end": Object {
      "column": 0,
      "line": 4,
    },
    "start": Object {
      "column": 0,
      "line": 1,
    },
  },
  "range": Array [
    0,
    28,
  ],
  "sourceType": "script",
  "tokens": Array [
    Object {
      "loc": Object {
        "end": Object {
          "column": 9,
          "line": 1,
        },
        "start": Object {
          "column": 0,
          "line": 1,
        },
      },
      "range": Array [
        0,
        9,
      ],
      "type": "Keyword",
      "value": "interface",
    },
    Object {
      "loc": Object {
        "end": Object {
          "column": 14,
          "line": 1,
        },
        "start": Object {
          "column": 10,
          "line": 1,
        },
      },
      "range": Array [
        10,
        14,
      ],
      "type": "Identifier",
      "value": "test",
    },
    Object {
      "loc": Object {
        "end": Object {
          "column": 16,
          "line": 1,
        },
        "start": Object {
          "column": 15,
          "line": 1,
        },
      },
      "range": Array [
        15,
        16,
      ],
      "type": "Punctuator",
      "value": "{",
    },
    Object {
      "loc": Object {
        "end": Object {
          "column": 7,
          "line": 2,
        },
        "start": Object {
          "column": 4,
          "line": 2,
        },
      },
      "range": Array [
        21,
        24,
      ],
      "type": "Identifier",
      "value": "foo",
    },
    Object {
      "loc": Object {
        "end": Object {
          "column": 8,
          "line": 2,
        },
        "start": Object {
          "column": 7,
          "line": 2,
        },
      },
      "range": Array [
        24,
        25,
      ],
      "type": "Punctuator",
      "value": ";",
    },
    Object {
      "loc": Object {
        "end": Object {
          "column": 1,
          "line": 3,
        },
        "start": Object {
          "column": 0,
          "line": 3,
        },
      },
      "range": Array [
        26,
        27,
      ],
      "type": "Punctuator",
      "value": "}",
    },
  ],
  "type": "Program",
}
`;
