// Jest Snapshot v1, https://goo.gl/fbAQLP

exports[`javascript fixtures/directives/first-expression.src 1`] = `
Object {
  "body": Array [
    Object {
      "expression": Object {
        "loc": Object {
          "end": Object {
            "column": 1,
            "line": 3,
          },
          "start": Object {
            "column": 0,
            "line": 3,
          },
        },
        "range": Array [
          121,
          122,
        ],
        "raw": "0",
        "type": "Literal",
        "value": 0,
      },
      "loc": Object {
        "end": Object {
          "column": 2,
          "line": 3,
        },
        "start": Object {
          "column": 0,
          "line": 3,
        },
      },
      "range": Array [
        121,
        123,
      ],
      "type": "ExpressionStatement",
    },
    Object {
      "expression": Object {
        "loc": Object {
          "end": Object {
            "column": 5,
            "line": 4,
          },
          "start": Object {
            "column": 0,
            "line": 4,
          },
        },
        "range": Array [
          124,
          129,
        ],
        "raw": "\\"abc\\"",
        "type": "Literal",
        "value": "abc",
      },
      "loc": Object {
        "end": Object {
          "column": 5,
          "line": 4,
        },
        "start": Object {
          "column": 0,
          "line": 4,
        },
      },
      "range": Array [
        124,
        129,
      ],
      "type": "ExpressionStatement",
    },
  ],
  "loc": Object {
    "end": Object {
      "column": 0,
      "line": 5,
    },
    "start": Object {
      "column": 0,
      "line": 3,
    },
  },
  "range": Array [
    121,
    130,
  ],
  "sourceType": "script",
  "tokens": Array [
    Object {
      "loc": Object {
        "end": Object {
          "column": 1,
          "line": 3,
        },
        "start": Object {
          "column": 0,
          "line": 3,
        },
      },
      "range": Array [
        121,
        122,
      ],
      "type": "Numeric",
      "value": "0",
    },
    Object {
      "loc": Object {
        "end": Object {
          "column": 2,
          "line": 3,
        },
        "start": Object {
          "column": 1,
          "line": 3,
        },
      },
      "range": Array [
        122,
        123,
      ],
      "type": "Punctuator",
      "value": ";",
    },
    Object {
      "loc": Object {
        "end": Object {
          "column": 5,
          "line": 4,
        },
        "start": Object {
          "column": 0,
          "line": 4,
        },
      },
      "range": Array [
        124,
        129,
      ],
      "type": "String",
      "value": "\\"abc\\"",
    },
  ],
  "type": "Program",
}
`;
