// Jest Snapshot v1, https://goo.gl/fbAQLP

exports[`markdown should lint successfully 1`] = `
[
  {
    "errorCount": 10,
    "fatalErrorCount": 0,
    "filePath": "<root>/Doc.md",
    "fixableErrorCount": 0,
    "fixableWarningCount": 0,
    "messages": [
      {
        "column": 3,
        "endColumn": 14,
        "endLine": 9,
        "line": 9,
        "message": "Unexpected console statement.",
        "messageId": "unexpected",
        "nodeType": "MemberExpression",
        "ruleId": "no-console",
        "severity": 2,
      },
      {
        "column": 20,
        "endColumn": 23,
        "endLine": 28,
        "line": 28,
        "message": "Unexpected any. Specify a different type.",
        "messageId": "unexpectedAny",
        "nodeType": "TSAnyKeyword",
        "ruleId": "@typescript-eslint/no-explicit-any",
        "severity": 2,
        "suggestions": [
          {
            "desc": "Use \`unknown\` instead, this will force you to explicitly, and safely assert the type is correct.",
            "fix": {
              "range": [
                51,
                54,
              ],
              "text": "unknown",
            },
            "messageId": "suggestUnknown",
          },
          {
            "desc": "Use \`never\` instead, this is useful when instantiating generic type parameters that you don't need to know the type of.",
            "fix": {
              "range": [
                51,
                54,
              ],
              "text": "never",
            },
            "messageId": "suggestNever",
          },
        ],
      },
      {
        "column": 3,
        "endColumn": 14,
        "endLine": 29,
        "line": 29,
        "message": "Unexpected console statement.",
        "messageId": "unexpected",
        "nodeType": "MemberExpression",
        "ruleId": "no-console",
        "severity": 2,
      },
      {
        "column": 3,
        "endColumn": 14,
        "endLine": 46,
        "line": 46,
        "message": "Unexpected console statement.",
        "messageId": "unexpected",
        "nodeType": "MemberExpression",
        "ruleId": "no-console",
        "severity": 2,
      },
      {
        "column": 17,
        "endColumn": 20,
        "endLine": 54,
        "line": 54,
        "message": "Unexpected any. Specify a different type.",
        "messageId": "unexpectedAny",
        "nodeType": "TSAnyKeyword",
        "ruleId": "@typescript-eslint/no-explicit-any",
        "severity": 2,
        "suggestions": [
          {
            "desc": "Use \`unknown\` instead, this will force you to explicitly, and safely assert the type is correct.",
            "fix": {
              "range": [
                16,
                19,
              ],
              "text": "unknown",
            },
            "messageId": "suggestUnknown",
          },
          {
            "desc": "Use \`never\` instead, this is useful when instantiating generic type parameters that you don't need to know the type of.",
            "fix": {
              "range": [
                16,
                19,
              ],
              "text": "never",
            },
            "messageId": "suggestNever",
          },
        ],
      },
      {
        "column": 3,
        "endColumn": 14,
        "endLine": 55,
        "line": 55,
        "message": "Unexpected console statement.",
        "messageId": "unexpected",
        "nodeType": "MemberExpression",
        "ruleId": "no-console",
        "severity": 2,
      },
      {
        "column": 17,
        "endColumn": 20,
        "endLine": 63,
        "line": 63,
        "message": "Unexpected any. Specify a different type.",
        "messageId": "unexpectedAny",
        "nodeType": "TSAnyKeyword",
        "ruleId": "@typescript-eslint/no-explicit-any",
        "severity": 2,
        "suggestions": [
          {
            "desc": "Use \`unknown\` instead, this will force you to explicitly, and safely assert the type is correct.",
            "fix": {
              "range": [
                16,
                19,
              ],
              "text": "unknown",
            },
            "messageId": "suggestUnknown",
          },
          {
            "desc": "Use \`never\` instead, this is useful when instantiating generic type parameters that you don't need to know the type of.",
            "fix": {
              "range": [
                16,
                19,
              ],
              "text": "never",
            },
            "messageId": "suggestNever",
          },
        ],
      },
      {
        "column": 3,
        "endColumn": 14,
        "endLine": 64,
        "line": 64,
        "message": "Unexpected console statement.",
        "messageId": "unexpected",
        "nodeType": "MemberExpression",
        "ruleId": "no-console",
        "severity": 2,
      },
      {
        "column": 17,
        "endColumn": 20,
        "endLine": 72,
        "line": 72,
        "message": "Unexpected any. Specify a different type.",
        "messageId": "unexpectedAny",
        "nodeType": "TSAnyKeyword",
        "ruleId": "@typescript-eslint/no-explicit-any",
        "severity": 2,
        "suggestions": [
          {
            "desc": "Use \`unknown\` instead, this will force you to explicitly, and safely assert the type is correct.",
            "fix": {
              "range": [
                16,
                19,
              ],
              "text": "unknown",
            },
            "messageId": "suggestUnknown",
          },
          {
            "desc": "Use \`never\` instead, this is useful when instantiating generic type parameters that you don't need to know the type of.",
            "fix": {
              "range": [
                16,
                19,
              ],
              "text": "never",
            },
            "messageId": "suggestNever",
          },
        ],
      },
      {
        "column": 3,
        "endColumn": 14,
        "endLine": 73,
        "line": 73,
        "message": "Unexpected console statement.",
        "messageId": "unexpected",
        "nodeType": "MemberExpression",
        "ruleId": "no-console",
        "severity": 2,
      },
    ],
    "source": "Some extra text to verify that the markdown plugin is ignoring anything that is not a code block.

expected no-console error:

\`\`\`jsx
import { Button } from 'antd';

function MyComp() {
  console.log('test');
  return (
    <div>
      <Button type=\"primary\">Primary</Button>
      <Button>Default</Button>
      <Button type=\"dashed\">Dashed</Button>
      <Button type=\"danger\">Danger</Button>
      <Button type=\"link\">Link</Button>
    </div>
  );
}
\`\`\`

expected no-explicit-any error:
expected no-console error:

\`\`\`jsx
import { Button } from 'antd';

function MyComp(): any {
  console.log('test');
  return (
    <div>
      <Button type=\"primary\">Primary</Button>
      <Button>Default</Button>
      <Button type=\"dashed\">Dashed</Button>
      <Button type=\"danger\">Danger</Button>
      <Button type=\"link\">Link</Button>
    </div>
  );
}
\`\`\`

expected no-console error:

\`\`\`js
function foo() {
  console.log('test');
}
\`\`\`

expected no-explicit-any error:
expected no-console error:

\`\`\`js
function foo(): any {
  console.log('test');
}
\`\`\`

expected no-explicit-any error:
expected no-console error:

\`\`\`javascript
function foo(): any {
  console.log('test');
}
\`\`\`

expected no-explicit-any error:
expected no-console error:

\`\`\`node
function foo(): any {
  console.log('test');
}
\`\`\`
",
    "suppressedMessages": [],
    "usedDeprecatedRules": [],
    "warningCount": 0,
  },
]
`;
