// Jest Snapshot v1, https://goo.gl/fbAQLP

exports[`JSX useJSXTextNode: false fixtures/invalid-attribute.src 1`] = `"'{' expected."`;

exports[`JSX useJSXTextNode: false fixtures/invalid-attribute-missing-equals.src 1`] = `"Identifier expected."`;

exports[`JSX useJSXTextNode: false fixtures/invalid-broken-tag.src 1`] = `"Unterminated string literal."`;

exports[`JSX useJSXTextNode: false fixtures/invalid-computed-end-tag-name.src 1`] = `"Identifier expected."`;

exports[`JSX useJSXTextNode: false fixtures/invalid-computed-string-end-tag-name.src 1`] = `"Identifier expected."`;

exports[`JSX useJSXTextNode: false fixtures/invalid-embedded-expression.src 1`] = `"'}' expected."`;

exports[`JSX useJSXTextNode: false fixtures/invalid-leading-dot-tag-name.src 1`] = `"Expression expected."`;

exports[`JSX useJSXTextNode: false fixtures/invalid-matching-placeholder-in-closing-tag.src 1`] = `"'>' expected."`;

exports[`JSX useJSXTextNode: false fixtures/invalid-mismatched-closing-tag.src 1`] = `"Expected corresponding JSX closing tag for 'a'."`;

exports[`JSX useJSXTextNode: false fixtures/invalid-mismatched-closing-tags.src 1`] = `"JSX element 'a' has no corresponding closing tag."`;

exports[`JSX useJSXTextNode: false fixtures/invalid-mismatched-dot-tag-name.src 1`] = `"Expected corresponding JSX closing tag for 'a.b.c'."`;

exports[`JSX useJSXTextNode: false fixtures/invalid-mismatched-namespace-tag.src 1`] = `"Identifier expected."`;

exports[`JSX useJSXTextNode: false fixtures/invalid-missing-closing-tag.src 1`] = `"JSX element 'a' has no corresponding closing tag."`;

exports[`JSX useJSXTextNode: false fixtures/invalid-missing-closing-tag-attribute-placeholder.src 1`] = `"JSX element 'a' has no corresponding closing tag."`;

exports[`JSX useJSXTextNode: false fixtures/invalid-missing-namespace-name.src 1`] = `"Expression expected."`;

exports[`JSX useJSXTextNode: false fixtures/invalid-missing-namespace-value.src 1`] = `"Identifier expected."`;

exports[`JSX useJSXTextNode: false fixtures/invalid-missing-spread-operator.src 1`] = `"'...' expected."`;

exports[`JSX useJSXTextNode: false fixtures/invalid-namespace-name-with-docts.src 1`] = `"Identifier expected."`;

exports[`JSX useJSXTextNode: false fixtures/invalid-no-common-parent.src 1`] = `"JSX expressions must have one parent element."`;

exports[`JSX useJSXTextNode: false fixtures/invalid-no-common-parent-with-comment.src 1`] = `"JSX expressions must have one parent element."`;

exports[`JSX useJSXTextNode: false fixtures/invalid-no-tag-name.src 1`] = `"Declaration or statement expected."`;

exports[`JSX useJSXTextNode: false fixtures/invalid-placeholder-in-closing-tag.src 1`] = `"'>' expected."`;

exports[`JSX useJSXTextNode: false fixtures/invalid-shorthand-fragment-no-closing.src 1`] = `"JSX fragment has no corresponding closing tag."`;

exports[`JSX useJSXTextNode: false fixtures/invalid-trailing-dot-tag-name.src 1`] = `"Identifier expected."`;

exports[`JSX useJSXTextNode: false fixtures/invalid-unexpected-comma.src 1`] = `"Identifier expected."`;

exports[`JSX useJSXTextNode: false fixtures/newslines-and-entities.src 1`] = `"Invalid character."`;

exports[`JSX useJSXTextNode: false fixtures/self-closing-tag-with-newline.src 1`] = `"Invalid character."`;
