// Jest Snapshot v1, https://goo.gl/fbAQLP

exports[`typescript fixtures/errorRecovery/interface-with-no-body.src 1`] = `"'{' expected."`;
