// Jest Snapshot v1, https://goo.gl/fbAQLP

exports[`services fixtures/isolated-file.src 1`] = `
Object {
  "body": Array [
    Object {
      "declarations": Array [
        Object {
          "id": Object {
            "loc": Object {
              "end": Object {
                "column": 7,
                "line": 1,
              },
              "start": Object {
                "column": 6,
                "line": 1,
              },
            },
            "name": "x",
            "range": Array [
              6,
              7,
            ],
            "type": "Identifier",
          },
          "init": Object {
            "elements": Array [
              Object {
                "loc": Object {
                  "end": Object {
                    "column": 12,
                    "line": 1,
                  },
                  "start": Object {
                    "column": 11,
                    "line": 1,
                  },
                },
                "range": Array [
                  11,
                  12,
                ],
                "raw": "3",
                "type": "Literal",
                "value": 3,
              },
              Object {
                "loc": Object {
                  "end": Object {
                    "column": 15,
                    "line": 1,
                  },
                  "start": Object {
                    "column": 14,
                    "line": 1,
                  },
                },
                "range": Array [
                  14,
                  15,
                ],
                "raw": "4",
                "type": "Literal",
                "value": 4,
              },
              Object {
                "loc": Object {
                  "end": Object {
                    "column": 18,
                    "line": 1,
                  },
                  "start": Object {
                    "column": 17,
                    "line": 1,
                  },
                },
                "range": Array [
                  17,
                  18,
                ],
                "raw": "5",
                "type": "Literal",
                "value": 5,
              },
            ],
            "loc": Object {
              "end": Object {
                "column": 19,
                "line": 1,
              },
              "start": Object {
                "column": 10,
                "line": 1,
              },
            },
            "range": Array [
              10,
              19,
            ],
            "type": "ArrayExpression",
          },
          "loc": Object {
            "end": Object {
              "column": 19,
              "line": 1,
            },
            "start": Object {
              "column": 6,
              "line": 1,
            },
          },
          "range": Array [
            6,
            19,
          ],
          "type": "VariableDeclarator",
        },
      ],
      "kind": "const",
      "loc": Object {
        "end": Object {
          "column": 20,
          "line": 1,
        },
        "start": Object {
          "column": 0,
          "line": 1,
        },
      },
      "range": Array [
        0,
        20,
      ],
      "type": "VariableDeclaration",
    },
  ],
  "comments": Array [],
  "loc": Object {
    "end": Object {
      "column": 0,
      "line": 2,
    },
    "start": Object {
      "column": 0,
      "line": 1,
    },
  },
  "range": Array [
    0,
    21,
  ],
  "sourceType": "module",
  "tokens": Array [
    Object {
      "loc": Object {
        "end": Object {
          "column": 5,
          "line": 1,
        },
        "start": Object {
          "column": 0,
          "line": 1,
        },
      },
      "range": Array [
        0,
        5,
      ],
      "type": "Keyword",
      "value": "const",
    },
    Object {
      "loc": Object {
        "end": Object {
          "column": 7,
          "line": 1,
        },
        "start": Object {
          "column": 6,
          "line": 1,
        },
      },
      "range": Array [
        6,
        7,
      ],
      "type": "Identifier",
      "value": "x",
    },
    Object {
      "loc": Object {
        "end": Object {
          "column": 9,
          "line": 1,
        },
        "start": Object {
          "column": 8,
          "line": 1,
        },
      },
      "range": Array [
        8,
        9,
      ],
      "type": "Punctuator",
      "value": "=",
    },
    Object {
      "loc": Object {
        "end": Object {
          "column": 11,
          "line": 1,
        },
        "start": Object {
          "column": 10,
          "line": 1,
        },
      },
      "range": Array [
        10,
        11,
      ],
      "type": "Punctuator",
      "value": "[",
    },
    Object {
      "loc": Object {
        "end": Object {
          "column": 12,
          "line": 1,
        },
        "start": Object {
          "column": 11,
          "line": 1,
        },
      },
      "range": Array [
        11,
        12,
      ],
      "type": "Numeric",
      "value": "3",
    },
    Object {
      "loc": Object {
        "end": Object {
          "column": 13,
          "line": 1,
        },
        "start": Object {
          "column": 12,
          "line": 1,
        },
      },
      "range": Array [
        12,
        13,
      ],
      "type": "Punctuator",
      "value": ",",
    },
    Object {
      "loc": Object {
        "end": Object {
          "column": 15,
          "line": 1,
        },
        "start": Object {
          "column": 14,
          "line": 1,
        },
      },
      "range": Array [
        14,
        15,
      ],
      "type": "Numeric",
      "value": "4",
    },
    Object {
      "loc": Object {
        "end": Object {
          "column": 16,
          "line": 1,
        },
        "start": Object {
          "column": 15,
          "line": 1,
        },
      },
      "range": Array [
        15,
        16,
      ],
      "type": "Punctuator",
      "value": ",",
    },
    Object {
      "loc": Object {
        "end": Object {
          "column": 18,
          "line": 1,
        },
        "start": Object {
          "column": 17,
          "line": 1,
        },
      },
      "range": Array [
        17,
        18,
      ],
      "type": "Numeric",
      "value": "5",
    },
    Object {
      "loc": Object {
        "end": Object {
          "column": 19,
          "line": 1,
        },
        "start": Object {
          "column": 18,
          "line": 1,
        },
      },
      "range": Array [
        18,
        19,
      ],
      "type": "Punctuator",
      "value": "]",
    },
    Object {
      "loc": Object {
        "end": Object {
          "column": 20,
          "line": 1,
        },
        "start": Object {
          "column": 19,
          "line": 1,
        },
      },
      "range": Array [
        19,
        20,
      ],
      "type": "Punctuator",
      "value": ";",
    },
  ],
  "type": "Program",
}
`;
