// Jest Snapshot v1, https://goo.gl/fbAQLP

exports[`JSX useJSXTextNode: false fixtures/escape-patterns.src 1`] = `
Object {
  "body": Array [
    Object {
      "expression": Object {
        "children": Array [],
        "closingElement": null,
        "loc": Object {
          "end": Object {
            "column": 83,
            "line": 1,
          },
          "start": Object {
            "column": 0,
            "line": 1,
          },
        },
        "openingElement": Object {
          "attributes": Array [
            Object {
              "loc": Object {
                "end": Object {
                  "column": 10,
                  "line": 1,
                },
                "start": Object {
                  "column": 3,
                  "line": 1,
                },
              },
              "name": Object {
                "loc": Object {
                  "end": Object {
                    "column": 4,
                    "line": 1,
                  },
                  "start": Object {
                    "column": 3,
                    "line": 1,
                  },
                },
                "name": "b",
                "range": Array [
                  3,
                  4,
                ],
                "type": "JSXIdentifier",
              },
              "range": Array [
                3,
                10,
              ],
              "type": "JSXAttribute",
              "value": Object {
                "expression": Object {
                  "loc": Object {
                    "end": Object {
                      "column": 9,
                      "line": 1,
                    },
                    "start": Object {
                      "column": 6,
                      "line": 1,
                    },
                  },
                  "range": Array [
                    6,
                    9,
                  ],
                  "raw": "\\" \\"",
                  "type": "Literal",
                  "value": " ",
                },
                "loc": Object {
                  "end": Object {
                    "column": 10,
                    "line": 1,
                  },
                  "start": Object {
                    "column": 5,
                    "line": 1,
                  },
                },
                "range": Array [
                  5,
                  10,
                ],
                "type": "JSXExpressionContainer",
              },
            },
            Object {
              "loc": Object {
                "end": Object {
                  "column": 16,
                  "line": 1,
                },
                "start": Object {
                  "column": 11,
                  "line": 1,
                },
              },
              "name": Object {
                "loc": Object {
                  "end": Object {
                    "column": 12,
                    "line": 1,
                  },
                  "start": Object {
                    "column": 11,
                    "line": 1,
                  },
                },
                "name": "c",
                "range": Array [
                  11,
                  12,
                ],
                "type": "JSXIdentifier",
              },
              "range": Array [
                11,
                16,
              ],
              "type": "JSXAttribute",
              "value": Object {
                "loc": Object {
                  "end": Object {
                    "column": 16,
                    "line": 1,
                  },
                  "start": Object {
                    "column": 13,
                    "line": 1,
                  },
                },
                "range": Array [
                  13,
                  16,
                ],
                "raw": "\\" \\"",
                "type": "Literal",
                "value": " ",
              },
            },
            Object {
              "loc": Object {
                "end": Object {
                  "column": 26,
                  "line": 1,
                },
                "start": Object {
                  "column": 17,
                  "line": 1,
                },
              },
              "name": Object {
                "loc": Object {
                  "end": Object {
                    "column": 18,
                    "line": 1,
                  },
                  "start": Object {
                    "column": 17,
                    "line": 1,
                  },
                },
                "name": "d",
                "range": Array [
                  17,
                  18,
                ],
                "type": "JSXIdentifier",
              },
              "range": Array [
                17,
                26,
              ],
              "type": "JSXAttribute",
              "value": Object {
                "loc": Object {
                  "end": Object {
                    "column": 26,
                    "line": 1,
                  },
                  "start": Object {
                    "column": 19,
                    "line": 1,
                  },
                },
                "range": Array [
                  19,
                  26,
                ],
                "raw": "\\"&amp;\\"",
                "type": "Literal",
                "value": "&",
              },
            },
            Object {
              "loc": Object {
                "end": Object {
                  "column": 43,
                  "line": 1,
                },
                "start": Object {
                  "column": 27,
                  "line": 1,
                },
              },
              "name": Object {
                "loc": Object {
                  "end": Object {
                    "column": 28,
                    "line": 1,
                  },
                  "start": Object {
                    "column": 27,
                    "line": 1,
                  },
                },
                "name": "e",
                "range": Array [
                  27,
                  28,
                ],
                "type": "JSXIdentifier",
              },
              "range": Array [
                27,
                43,
              ],
              "type": "JSXAttribute",
              "value": Object {
                "loc": Object {
                  "end": Object {
                    "column": 43,
                    "line": 1,
                  },
                  "start": Object {
                    "column": 29,
                    "line": 1,
                  },
                },
                "range": Array [
                  29,
                  43,
                ],
                "raw": "\\"id=1&group=2\\"",
                "type": "Literal",
                "value": "id=1&group=2",
              },
            },
            Object {
              "loc": Object {
                "end": Object {
                  "column": 59,
                  "line": 1,
                },
                "start": Object {
                  "column": 44,
                  "line": 1,
                },
              },
              "name": Object {
                "loc": Object {
                  "end": Object {
                    "column": 45,
                    "line": 1,
                  },
                  "start": Object {
                    "column": 44,
                    "line": 1,
                  },
                },
                "name": "f",
                "range": Array [
                  44,
                  45,
                ],
                "type": "JSXIdentifier",
              },
              "range": Array [
                44,
                59,
              ],
              "type": "JSXAttribute",
              "value": Object {
                "loc": Object {
                  "end": Object {
                    "column": 59,
                    "line": 1,
                  },
                  "start": Object {
                    "column": 46,
                    "line": 1,
                  },
                },
                "range": Array [
                  46,
                  59,
                ],
                "raw": "\\"&#123456789\\"",
                "type": "Literal",
                "value": "&#123456789",
              },
            },
            Object {
              "loc": Object {
                "end": Object {
                  "column": 71,
                  "line": 1,
                },
                "start": Object {
                  "column": 60,
                  "line": 1,
                },
              },
              "name": Object {
                "loc": Object {
                  "end": Object {
                    "column": 61,
                    "line": 1,
                  },
                  "start": Object {
                    "column": 60,
                    "line": 1,
                  },
                },
                "name": "g",
                "range": Array [
                  60,
                  61,
                ],
                "type": "JSXIdentifier",
              },
              "range": Array [
                60,
                71,
              ],
              "type": "JSXAttribute",
              "value": Object {
                "loc": Object {
                  "end": Object {
                    "column": 71,
                    "line": 1,
                  },
                  "start": Object {
                    "column": 62,
                    "line": 1,
                  },
                },
                "range": Array [
                  62,
                  71,
                ],
                "raw": "\\"&#123*;\\"",
                "type": "Literal",
                "value": "&#123*;",
              },
            },
            Object {
              "loc": Object {
                "end": Object {
                  "column": 80,
                  "line": 1,
                },
                "start": Object {
                  "column": 72,
                  "line": 1,
                },
              },
              "name": Object {
                "loc": Object {
                  "end": Object {
                    "column": 73,
                    "line": 1,
                  },
                  "start": Object {
                    "column": 72,
                    "line": 1,
                  },
                },
                "name": "h",
                "range": Array [
                  72,
                  73,
                ],
                "type": "JSXIdentifier",
              },
              "range": Array [
                72,
                80,
              ],
              "type": "JSXAttribute",
              "value": Object {
                "loc": Object {
                  "end": Object {
                    "column": 80,
                    "line": 1,
                  },
                  "start": Object {
                    "column": 74,
                    "line": 1,
                  },
                },
                "range": Array [
                  74,
                  80,
                ],
                "raw": "\\"&#x;\\"",
                "type": "Literal",
                "value": "&#x;",
              },
            },
          ],
          "loc": Object {
            "end": Object {
              "column": 83,
              "line": 1,
            },
            "start": Object {
              "column": 0,
              "line": 1,
            },
          },
          "name": Object {
            "loc": Object {
              "end": Object {
                "column": 2,
                "line": 1,
              },
              "start": Object {
                "column": 1,
                "line": 1,
              },
            },
            "name": "a",
            "range": Array [
              1,
              2,
            ],
            "type": "JSXIdentifier",
          },
          "range": Array [
            0,
            83,
          ],
          "selfClosing": true,
          "type": "JSXOpeningElement",
        },
        "range": Array [
          0,
          83,
        ],
        "type": "JSXElement",
      },
      "loc": Object {
        "end": Object {
          "column": 84,
          "line": 1,
        },
        "start": Object {
          "column": 0,
          "line": 1,
        },
      },
      "range": Array [
        0,
        84,
      ],
      "type": "ExpressionStatement",
    },
  ],
  "loc": Object {
    "end": Object {
      "column": 84,
      "line": 1,
    },
    "start": Object {
      "column": 0,
      "line": 1,
    },
  },
  "range": Array [
    0,
    84,
  ],
  "sourceType": "script",
  "tokens": Array [
    Object {
      "loc": Object {
        "end": Object {
          "column": 1,
          "line": 1,
        },
        "start": Object {
          "column": 0,
          "line": 1,
        },
      },
      "range": Array [
        0,
        1,
      ],
      "type": "Punctuator",
      "value": "<",
    },
    Object {
      "loc": Object {
        "end": Object {
          "column": 2,
          "line": 1,
        },
        "start": Object {
          "column": 1,
          "line": 1,
        },
      },
      "range": Array [
        1,
        2,
      ],
      "type": "JSXIdentifier",
      "value": "a",
    },
    Object {
      "loc": Object {
        "end": Object {
          "column": 4,
          "line": 1,
        },
        "start": Object {
          "column": 3,
          "line": 1,
        },
      },
      "range": Array [
        3,
        4,
      ],
      "type": "JSXIdentifier",
      "value": "b",
    },
    Object {
      "loc": Object {
        "end": Object {
          "column": 5,
          "line": 1,
        },
        "start": Object {
          "column": 4,
          "line": 1,
        },
      },
      "range": Array [
        4,
        5,
      ],
      "type": "Punctuator",
      "value": "=",
    },
    Object {
      "loc": Object {
        "end": Object {
          "column": 6,
          "line": 1,
        },
        "start": Object {
          "column": 5,
          "line": 1,
        },
      },
      "range": Array [
        5,
        6,
      ],
      "type": "Punctuator",
      "value": "{",
    },
    Object {
      "loc": Object {
        "end": Object {
          "column": 9,
          "line": 1,
        },
        "start": Object {
          "column": 6,
          "line": 1,
        },
      },
      "range": Array [
        6,
        9,
      ],
      "type": "String",
      "value": "\\" \\"",
    },
    Object {
      "loc": Object {
        "end": Object {
          "column": 10,
          "line": 1,
        },
        "start": Object {
          "column": 9,
          "line": 1,
        },
      },
      "range": Array [
        9,
        10,
      ],
      "type": "Punctuator",
      "value": "}",
    },
    Object {
      "loc": Object {
        "end": Object {
          "column": 12,
          "line": 1,
        },
        "start": Object {
          "column": 11,
          "line": 1,
        },
      },
      "range": Array [
        11,
        12,
      ],
      "type": "JSXIdentifier",
      "value": "c",
    },
    Object {
      "loc": Object {
        "end": Object {
          "column": 13,
          "line": 1,
        },
        "start": Object {
          "column": 12,
          "line": 1,
        },
      },
      "range": Array [
        12,
        13,
      ],
      "type": "Punctuator",
      "value": "=",
    },
    Object {
      "loc": Object {
        "end": Object {
          "column": 16,
          "line": 1,
        },
        "start": Object {
          "column": 13,
          "line": 1,
        },
      },
      "range": Array [
        13,
        16,
      ],
      "type": "JSXText",
      "value": "\\" \\"",
    },
    Object {
      "loc": Object {
        "end": Object {
          "column": 18,
          "line": 1,
        },
        "start": Object {
          "column": 17,
          "line": 1,
        },
      },
      "range": Array [
        17,
        18,
      ],
      "type": "JSXIdentifier",
      "value": "d",
    },
    Object {
      "loc": Object {
        "end": Object {
          "column": 19,
          "line": 1,
        },
        "start": Object {
          "column": 18,
          "line": 1,
        },
      },
      "range": Array [
        18,
        19,
      ],
      "type": "Punctuator",
      "value": "=",
    },
    Object {
      "loc": Object {
        "end": Object {
          "column": 26,
          "line": 1,
        },
        "start": Object {
          "column": 19,
          "line": 1,
        },
      },
      "range": Array [
        19,
        26,
      ],
      "type": "JSXText",
      "value": "\\"&amp;\\"",
    },
    Object {
      "loc": Object {
        "end": Object {
          "column": 28,
          "line": 1,
        },
        "start": Object {
          "column": 27,
          "line": 1,
        },
      },
      "range": Array [
        27,
        28,
      ],
      "type": "JSXIdentifier",
      "value": "e",
    },
    Object {
      "loc": Object {
        "end": Object {
          "column": 29,
          "line": 1,
        },
        "start": Object {
          "column": 28,
          "line": 1,
        },
      },
      "range": Array [
        28,
        29,
      ],
      "type": "Punctuator",
      "value": "=",
    },
    Object {
      "loc": Object {
        "end": Object {
          "column": 43,
          "line": 1,
        },
        "start": Object {
          "column": 29,
          "line": 1,
        },
      },
      "range": Array [
        29,
        43,
      ],
      "type": "JSXText",
      "value": "\\"id=1&group=2\\"",
    },
    Object {
      "loc": Object {
        "end": Object {
          "column": 45,
          "line": 1,
        },
        "start": Object {
          "column": 44,
          "line": 1,
        },
      },
      "range": Array [
        44,
        45,
      ],
      "type": "JSXIdentifier",
      "value": "f",
    },
    Object {
      "loc": Object {
        "end": Object {
          "column": 46,
          "line": 1,
        },
        "start": Object {
          "column": 45,
          "line": 1,
        },
      },
      "range": Array [
        45,
        46,
      ],
      "type": "Punctuator",
      "value": "=",
    },
    Object {
      "loc": Object {
        "end": Object {
          "column": 59,
          "line": 1,
        },
        "start": Object {
          "column": 46,
          "line": 1,
        },
      },
      "range": Array [
        46,
        59,
      ],
      "type": "JSXText",
      "value": "\\"&#123456789\\"",
    },
    Object {
      "loc": Object {
        "end": Object {
          "column": 61,
          "line": 1,
        },
        "start": Object {
          "column": 60,
          "line": 1,
        },
      },
      "range": Array [
        60,
        61,
      ],
      "type": "JSXIdentifier",
      "value": "g",
    },
    Object {
      "loc": Object {
        "end": Object {
          "column": 62,
          "line": 1,
        },
        "start": Object {
          "column": 61,
          "line": 1,
        },
      },
      "range": Array [
        61,
        62,
      ],
      "type": "Punctuator",
      "value": "=",
    },
    Object {
      "loc": Object {
        "end": Object {
          "column": 71,
          "line": 1,
        },
        "start": Object {
          "column": 62,
          "line": 1,
        },
      },
      "range": Array [
        62,
        71,
      ],
      "type": "JSXText",
      "value": "\\"&#123*;\\"",
    },
    Object {
      "loc": Object {
        "end": Object {
          "column": 73,
          "line": 1,
        },
        "start": Object {
          "column": 72,
          "line": 1,
        },
      },
      "range": Array [
        72,
        73,
      ],
      "type": "JSXIdentifier",
      "value": "h",
    },
    Object {
      "loc": Object {
        "end": Object {
          "column": 74,
          "line": 1,
        },
        "start": Object {
          "column": 73,
          "line": 1,
        },
      },
      "range": Array [
        73,
        74,
      ],
      "type": "Punctuator",
      "value": "=",
    },
    Object {
      "loc": Object {
        "end": Object {
          "column": 80,
          "line": 1,
        },
        "start": Object {
          "column": 74,
          "line": 1,
        },
      },
      "range": Array [
        74,
        80,
      ],
      "type": "JSXText",
      "value": "\\"&#x;\\"",
    },
    Object {
      "loc": Object {
        "end": Object {
          "column": 82,
          "line": 1,
        },
        "start": Object {
          "column": 81,
          "line": 1,
        },
      },
      "range": Array [
        81,
        82,
      ],
      "type": "Punctuator",
      "value": "/",
    },
    Object {
      "loc": Object {
        "end": Object {
          "column": 83,
          "line": 1,
        },
        "start": Object {
          "column": 82,
          "line": 1,
        },
      },
      "range": Array [
        82,
        83,
      ],
      "type": "Punctuator",
      "value": ">",
    },
    Object {
      "loc": Object {
        "end": Object {
          "column": 84,
          "line": 1,
        },
        "start": Object {
          "column": 83,
          "line": 1,
        },
      },
      "range": Array [
        83,
        84,
      ],
      "type": "Punctuator",
      "value": ";",
    },
  ],
  "type": "Program",
}
`;
