// Jest Snapshot v1, https://goo.gl/fbAQLP

exports[`JSX useJSXTextNode: false fixtures/unknown-escape-pattern.src 1`] = `
Object {
  "body": Array [
    Object {
      "expression": Object {
        "children": Array [],
        "closingElement": null,
        "loc": Object {
          "end": Object {
            "column": 23,
            "line": 1,
          },
          "start": Object {
            "column": 0,
            "line": 1,
          },
        },
        "openingElement": Object {
          "attributes": Array [
            Object {
              "loc": Object {
                "end": Object {
                  "column": 20,
                  "line": 1,
                },
                "start": Object {
                  "column": 3,
                  "line": 1,
                },
              },
              "name": Object {
                "loc": Object {
                  "end": Object {
                    "column": 4,
                    "line": 1,
                  },
                  "start": Object {
                    "column": 3,
                    "line": 1,
                  },
                },
                "name": "b",
                "range": Array [
                  3,
                  4,
                ],
                "type": "JSXIdentifier",
              },
              "range": Array [
                3,
                20,
              ],
              "type": "JSXAttribute",
              "value": Object {
                "loc": Object {
                  "end": Object {
                    "column": 20,
                    "line": 1,
                  },
                  "start": Object {
                    "column": 5,
                    "line": 1,
                  },
                },
                "range": Array [
                  5,
                  20,
                ],
                "raw": "\\"&notanentity;\\"",
                "type": "Literal",
                "value": "&notanentity;",
              },
            },
          ],
          "loc": Object {
            "end": Object {
              "column": 23,
              "line": 1,
            },
            "start": Object {
              "column": 0,
              "line": 1,
            },
          },
          "name": Object {
            "loc": Object {
              "end": Object {
                "column": 2,
                "line": 1,
              },
              "start": Object {
                "column": 1,
                "line": 1,
              },
            },
            "name": "a",
            "range": Array [
              1,
              2,
            ],
            "type": "JSXIdentifier",
          },
          "range": Array [
            0,
            23,
          ],
          "selfClosing": true,
          "type": "JSXOpeningElement",
        },
        "range": Array [
          0,
          23,
        ],
        "type": "JSXElement",
      },
      "loc": Object {
        "end": Object {
          "column": 24,
          "line": 1,
        },
        "start": Object {
          "column": 0,
          "line": 1,
        },
      },
      "range": Array [
        0,
        24,
      ],
      "type": "ExpressionStatement",
    },
  ],
  "loc": Object {
    "end": Object {
      "column": 24,
      "line": 1,
    },
    "start": Object {
      "column": 0,
      "line": 1,
    },
  },
  "range": Array [
    0,
    24,
  ],
  "sourceType": "script",
  "tokens": Array [
    Object {
      "loc": Object {
        "end": Object {
          "column": 1,
          "line": 1,
        },
        "start": Object {
          "column": 0,
          "line": 1,
        },
      },
      "range": Array [
        0,
        1,
      ],
      "type": "Punctuator",
      "value": "<",
    },
    Object {
      "loc": Object {
        "end": Object {
          "column": 2,
          "line": 1,
        },
        "start": Object {
          "column": 1,
          "line": 1,
        },
      },
      "range": Array [
        1,
        2,
      ],
      "type": "JSXIdentifier",
      "value": "a",
    },
    Object {
      "loc": Object {
        "end": Object {
          "column": 4,
          "line": 1,
        },
        "start": Object {
          "column": 3,
          "line": 1,
        },
      },
      "range": Array [
        3,
        4,
      ],
      "type": "JSXIdentifier",
      "value": "b",
    },
    Object {
      "loc": Object {
        "end": Object {
          "column": 5,
          "line": 1,
        },
        "start": Object {
          "column": 4,
          "line": 1,
        },
      },
      "range": Array [
        4,
        5,
      ],
      "type": "Punctuator",
      "value": "=",
    },
    Object {
      "loc": Object {
        "end": Object {
          "column": 20,
          "line": 1,
        },
        "start": Object {
          "column": 5,
          "line": 1,
        },
      },
      "range": Array [
        5,
        20,
      ],
      "type": "JSXText",
      "value": "\\"&notanentity;\\"",
    },
    Object {
      "loc": Object {
        "end": Object {
          "column": 22,
          "line": 1,
        },
        "start": Object {
          "column": 21,
          "line": 1,
        },
      },
      "range": Array [
        21,
        22,
      ],
      "type": "Punctuator",
      "value": "/",
    },
    Object {
      "loc": Object {
        "end": Object {
          "column": 23,
          "line": 1,
        },
        "start": Object {
          "column": 22,
          "line": 1,
        },
      },
      "range": Array [
        22,
        23,
      ],
      "type": "Punctuator",
      "value": ">",
    },
    Object {
      "loc": Object {
        "end": Object {
          "column": 24,
          "line": 1,
        },
        "start": Object {
          "column": 23,
          "line": 1,
        },
      },
      "range": Array [
        23,
        24,
      ],
      "type": "Punctuator",
      "value": ";",
    },
  ],
  "type": "Program",
}
`;
