// Jest Snapshot v1, https://goo.gl/fbAQLP

exports[`javascript fixtures/modules/import-module.src 1`] = `
Object {
  "body": Array [
    Object {
      "loc": Object {
        "end": Object {
          "column": 13,
          "line": 1,
        },
        "start": Object {
          "column": 0,
          "line": 1,
        },
      },
      "range": Array [
        0,
        13,
      ],
      "source": Object {
        "loc": Object {
          "end": Object {
            "column": 12,
            "line": 1,
          },
          "start": Object {
            "column": 7,
            "line": 1,
          },
        },
        "range": Array [
          7,
          12,
        ],
        "raw": "\\"foo\\"",
        "type": "Literal",
        "value": "foo",
      },
      "specifiers": Array [],
      "type": "ImportDeclaration",
    },
  ],
  "loc": Object {
    "end": Object {
      "column": 0,
      "line": 2,
    },
    "start": Object {
      "column": 0,
      "line": 1,
    },
  },
  "range": Array [
    0,
    14,
  ],
  "sourceType": "module",
  "tokens": Array [
    Object {
      "loc": Object {
        "end": Object {
          "column": 6,
          "line": 1,
        },
        "start": Object {
          "column": 0,
          "line": 1,
        },
      },
      "range": Array [
        0,
        6,
      ],
      "type": "Keyword",
      "value": "import",
    },
    Object {
      "loc": Object {
        "end": Object {
          "column": 12,
          "line": 1,
        },
        "start": Object {
          "column": 7,
          "line": 1,
        },
      },
      "range": Array [
        7,
        12,
      ],
      "type": "String",
      "value": "\\"foo\\"",
    },
    Object {
      "loc": Object {
        "end": Object {
          "column": 13,
          "line": 1,
        },
        "start": Object {
          "column": 12,
          "line": 1,
        },
      },
      "range": Array [
        12,
        13,
      ],
      "type": "Punctuator",
      "value": ";",
    },
  ],
  "type": "Program",
}
`;
